../Drivers/CMSIS/Include/core_cm4.h:1938:34:__NVIC_SystemReset	4	static,ignoring_inline_asm
../Core/Src/main.c:189:5:__io_putchar	16	static
../Core/Src/main.c:195:13:CAN_Filter_Config	128	static
../Core/Src/main.c:252:16:crc8_calc	32	static
../Core/Src/main.c:270:16:compute_can_auth_tag	40	static
../Core/Src/main.c:286:13:flash_load_history	48	static
../Core/Src/main.c:305:13:flash_save_history	56	static
../Core/Src/main.c:339:13:flash_save_history_throttled	16	static
../Core/Src/main.c:350:13:handle_ctrl_frame	24	static
../Core/Src/main.c:449:13:send_uds_response	56	static
../Core/Src/main.c:471:13:handle_uds_request	72	static
../Core/Src/main.c:571:17:crc32_calc	16	static
../Core/Src/main.c:583:17:crc32_calc_seeded	40	static
../Core/Src/main.c:596:17:ota_signature_calc	24	static
../Core/Src/main.c:609:13:ota_commit_from_ram	40	static,ignoring_inline_asm
../Core/Src/main.c:650:13:ota_send_result	48	static
../Core/Src/main.c:665:13:ota_enter_waiting	8	static
../Core/Src/main.c:674:13:ota_cancel	8	static
../Core/Src/main.c:684:13:ota_handle_start	56	static
../Core/Src/main.c:745:13:ota_flush_ram_buf	56	static
../Core/Src/main.c:785:13:ota_handle_data	24	static
../Core/Src/main.c:802:13:ota_handle_done	16	static
../Core/Src/main.c:844:13:update_bms_logic	32	static
../Core/Src/main.c:903:13:send_status_frame	56	static
../Core/Src/main.c:928:13:send_history_frame	56	static
../Core/Src/main.c:953:5:main	176	static
../Core/Src/main.c:1091:6:SystemClock_Config	88	static
../Core/Src/main.c:1127:6:Error_Handler	4	static,ignoring_inline_asm
